2026-09-11 12:41:04 [main] INFO  tests.SauceDemoTest - Executing @BeforeMethod: Logging in with standard user
2026-09-11 12:41:04 [main] INFO  utils.LoggedElement - Typing text into field: [Username Input]
2026-09-11 12:41:04 [main] INFO  utils.LoggedElement - Typing text into field: [Password Input]
2026-09-11 12:41:04 [main] INFO  utils.LoggedElement - Clicking on element: [Login Button]
2026-09-11 12:41:05 [main] INFO  tests.SauceDemoTest - Starting testAddToCart execution
2026-09-11 12:41:05 [main] INFO  utils.LoggedElement - Clicking on element: [Sauce Labs Backpack 'Add to Cart' Button]
2026-09-11 12:41:05 [main] INFO  utils.LoggedElement - Got text '1' from element: [Cart Badge]
2026-09-11 12:41:05 [main] INFO  tests.SauceDemoTest - Cart badge count verified: 1 item added
2026-09-11 12:41:05 [main] INFO  utils.LoggedElement - Clicking on element: [Cart Button]
2026-09-11 12:41:05 [main] INFO  tests.SauceDemoTest - Navigated to Cart page successfully
2026-09-11 12:41:05 [main] INFO  utils.LoggedElement - Got text 'Sauce Labs Backpack' from element: [Cart Item]
2026-09-11 12:41:05 [main] INFO  tests.SauceDemoTest - Verified item in cart: 'Sauce Labs Backpack'
2026-09-11 12:41:06 [main] INFO  tests.SauceDemoTest - Executing @BeforeMethod: Logging in with standard user
2026-09-11 12:41:06 [main] INFO  utils.LoggedElement - Typing text into field: [Username Input]
2026-09-11 12:41:06 [main] INFO  utils.LoggedElement - Typing text into field: [Password Input]
2026-09-11 12:41:06 [main] INFO  utils.LoggedElement - Clicking on element: [Login Button]
2026-09-11 12:41:06 [main] INFO  tests.SauceDemoTest - Starting testFailedScenarioForScreenshot execution (intended to fail)
2026-09-11 12:41:06 [main] ERROR utils.TestListener - Test failed: testFailedScenarioForScreenshot
2026-09-11 12:41:06 [main] ERROR utils.TestListener - Screenshot saved at: C:\Users\ibrae\Desktop\Epam\SauseDemoTests1\target\screenshots\testFailedScenarioForScreenshot_20260911_124106.png
2026-09-11 12:41:07 [main] INFO  tests.SauceDemoTest - Executing @BeforeMethod: Logging in with standard user
2026-09-11 12:41:07 [main] INFO  utils.LoggedElement - Typing text into field: [Username Input]
2026-09-11 12:41:07 [main] INFO  utils.LoggedElement - Typing text into field: [Password Input]
2026-09-11 12:41:08 [main] INFO  utils.LoggedElement - Clicking on element: [Login Button]
2026-09-11 12:41:08 [main] INFO  tests.SauceDemoTest - Starting testFullPurchase execution
2026-09-11 12:41:08 [main] INFO  utils.LoggedElement - Clicking on element: [Sauce Labs Backpack 'Add to Cart' Button]
2026-09-11 12:41:08 [main] ERROR utils.TestListener - Test failed: testFullPurchase
2026-09-11 12:41:08 [main] ERROR utils.TestListener - Screenshot saved at: C:\Users\ibrae\Desktop\Epam\SauseDemoTests1\target\screenshots\testFullPurchase_20260911_124108.png
2026-09-11 12:41:09 [main] INFO  tests.SauceDemoTest - Executing @BeforeMethod: Logging in with standard user
2026-09-11 12:41:09 [main] INFO  utils.LoggedElement - Typing text into field: [Username Input]
2026-09-11 12:41:09 [main] INFO  utils.LoggedElement - Typing text into field: [Password Input]
2026-09-11 12:41:09 [main] INFO  utils.LoggedElement - Clicking on element: [Login Button]
2026-09-11 12:41:09 [main] INFO  tests.SauceDemoTest - Starting testLogin execution
2026-09-11 12:41:09 [main] INFO  tests.SauceDemoTest - URL assertion passed: Inventory page loaded correctly
2026-09-11 12:41:09 [main] ERROR utils.TestListener - Test failed: testLogin
2026-09-11 12:41:09 [main] ERROR utils.TestListener - Screenshot saved at: C:\Users\ibrae\Desktop\Epam\SauseDemoTests1\target\screenshots\testLogin_20260911_124109.png
2026-09-11 12:42:13 [main] INFO  tests.SauceDemoTest - Executing @BeforeMethod: Logging in with standard user
2026-09-11 12:42:13 [main] INFO  utils.LoggedElement - Typing text into field: [Username Input]
2026-09-11 12:42:13 [main] INFO  utils.LoggedElement - Typing text into field: [Password Input]
2026-09-11 12:42:13 [main] INFO  utils.LoggedElement - Clicking on element: [Login Button]
2026-09-11 12:42:13 [main] INFO  tests.SauceDemoTest - Starting testLogin execution
2026-09-11 12:42:13 [main] INFO  tests.SauceDemoTest - URL assertion passed: Inventory page loaded correctly
2026-09-11 12:43:56 [main] INFO  tests.SauceDemoTest - Executing @BeforeMethod: Logging in with standard user
2026-09-11 12:43:56 [main] INFO  utils.LoggedElement - Typing text into field: [Username Input]
2026-09-11 12:43:56 [main] INFO  utils.LoggedElement - Typing text into field: [Password Input]
2026-09-11 12:43:56 [main] INFO  utils.LoggedElement - Clicking on element: [Login Button]
2026-09-11 12:43:56 [main] INFO  tests.SauceDemoTest - Starting testAddToCart execution
2026-09-11 12:43:56 [main] INFO  utils.LoggedElement - Clicking on element: [Sauce Labs Backpack 'Add to Cart' Button]
2026-09-11 12:43:57 [main] INFO  tests.SauceDemoTest - Executing @BeforeMethod: Logging in with standard user
2026-09-11 12:43:57 [main] INFO  utils.LoggedElement - Typing text into field: [Username Input]
2026-09-11 12:43:57 [main] INFO  utils.LoggedElement - Typing text into field: [Password Input]
2026-09-11 12:43:57 [main] INFO  utils.LoggedElement - Clicking on element: [Login Button]
2026-09-11 12:43:57 [main] INFO  tests.SauceDemoTest - Starting testFailedScenarioForScreenshot execution (intended to fail)
2026-09-11 12:43:57 [main] INFO  utils.LoggedElement - Got text 'Products' from element: [Inventory Page Title]
2026-09-11 12:43:57 [main] INFO  tests.SauceDemoTest - Current title is: 'Products', expecting wrong title for screenshot test
2026-09-11 12:43:59 [main] INFO  tests.SauceDemoTest - Executing @BeforeMethod: Logging in with standard user
2026-09-11 12:43:59 [main] INFO  utils.LoggedElement - Typing text into field: [Username Input]
2026-09-11 12:43:59 [main] INFO  utils.LoggedElement - Typing text into field: [Password Input]
2026-09-11 12:43:59 [main] INFO  utils.LoggedElement - Clicking on element: [Login Button]
2026-09-11 12:43:59 [main] INFO  tests.SauceDemoTest - Starting testFullPurchase execution
2026-09-11 12:43:59 [main] INFO  utils.LoggedElement - Clicking on element: [Sauce Labs Backpack 'Add to Cart' Button]
2026-09-11 12:43:59 [main] INFO  utils.LoggedElement - Clicking on element: [Cart Button]
2026-09-11 12:43:59 [main] INFO  utils.LoggedElement - Element [Checkout Button] enabled status: true
2026-09-11 12:43:59 [main] INFO  tests.SauceDemoTest - Assertion passed: Checkout button is enabled
2026-09-11 12:43:59 [main] INFO  utils.LoggedElement - Clicking on element: [Checkout Button]
2026-09-11 12:43:59 [main] INFO  utils.LoggedElement - Typing text into field: [First Name Input]
2026-09-11 12:43:59 [main] INFO  utils.LoggedElement - Typing text into field: [Last Name Input]
2026-09-11 12:43:59 [main] INFO  utils.LoggedElement - Typing text into field: [Postal Code Input]
2026-09-11 12:43:59 [main] INFO  utils.LoggedElement - Clicking on element: [Continue Button]
2026-09-11 12:43:59 [main] INFO  utils.LoggedElement - Clicking on element: [Finish Button]
2026-09-11 12:43:59 [main] INFO  tests.SauceDemoTest - URL assertion passed: Checkout complete page loaded
2026-09-11 12:43:59 [main] INFO  utils.LoggedElement - Got text 'Thank you for your order!' from element: [Checkout Complete Header]
2026-09-11 12:43:59 [main] INFO  tests.SauceDemoTest - Header assertion passed: 'Thank you for your order!' verified
2026-09-11 12:43:59 [main] INFO  utils.LoggedElement - Element [Back Home Button] displayed status: true
2026-09-11 12:43:59 [main] INFO  tests.SauceDemoTest - Assertion passed: Back Home button is visible
2026-09-11 12:44:00 [main] INFO  tests.SauceDemoTest - Executing @BeforeMethod: Logging in with standard user
2026-09-11 12:44:00 [main] INFO  utils.LoggedElement - Typing text into field: [Username Input]
2026-09-11 12:44:00 [main] INFO  utils.LoggedElement - Typing text into field: [Password Input]
2026-09-11 12:44:00 [main] INFO  utils.LoggedElement - Clicking on element: [Login Button]
2026-09-11 12:44:00 [main] INFO  tests.SauceDemoTest - Starting testLogin execution
2026-09-11 12:44:00 [main] INFO  tests.SauceDemoTest - URL assertion passed: Inventory page loaded correctly
2026-09-11 12:44:00 [main] INFO  utils.LoggedElement - Got text 'Products' from element: [Inventory Page Title]
2026-09-11 12:44:00 [main] INFO  tests.SauceDemoTest - Title assertion passed: Page title is 'Products'
2026-09-11 12:44:00 [main] DEBUG pages.InventoryPage - Counting product items on page
2026-09-11 12:44:00 [main] INFO  pages.InventoryPage - Found 6 products on the page
2026-09-11 12:44:00 [main] INFO  tests.SauceDemoTest - Products count assertion passed: Product list is not empty
2026-09-11 12:44:10 [main] INFO  tests.SauceDemoTest - Executing @BeforeMethod: Logging in with standard user
2026-09-11 12:44:10 [main] INFO  utils.LoggedElement - Typing text into field: [Username Input]
2026-09-11 12:44:10 [main] INFO  utils.LoggedElement - Typing text into field: [Password Input]
2026-09-11 12:44:10 [main] INFO  utils.LoggedElement - Clicking on element: [Login Button]
2026-09-11 12:44:10 [main] INFO  tests.SauceDemoTest - Starting testAddToCart execution
2026-09-11 12:44:10 [main] INFO  utils.LoggedElement - Clicking on element: [Sauce Labs Backpack 'Add to Cart' Button]
2026-09-11 12:44:10 [main] INFO  utils.LoggedElement - Got text '1' from element: [Cart Badge]
2026-09-11 12:44:10 [main] INFO  tests.SauceDemoTest - Cart badge count verified: 1 item added
2026-09-11 12:44:10 [main] INFO  utils.LoggedElement - Clicking on element: [Cart Button]
2026-09-11 12:44:10 [main] INFO  tests.SauceDemoTest - Navigated to Cart page successfully
2026-09-11 12:44:10 [main] INFO  utils.LoggedElement - Got text 'Sauce Labs Backpack' from element: [Cart Item]
2026-09-11 12:44:10 [main] INFO  tests.SauceDemoTest - Verified item in cart: 'Sauce Labs Backpack'
2026-09-11 12:44:11 [main] INFO  tests.SauceDemoTest - Executing @BeforeMethod: Logging in with standard user
2026-09-11 12:44:11 [main] INFO  utils.LoggedElement - Typing text into field: [Username Input]
2026-09-11 12:44:11 [main] INFO  utils.LoggedElement - Typing text into field: [Password Input]
2026-09-11 12:44:12 [main] INFO  utils.LoggedElement - Clicking on element: [Login Button]
2026-09-11 12:44:12 [main] INFO  tests.SauceDemoTest - Starting testFailedScenarioForScreenshot execution (intended to fail)
2026-09-11 12:44:13 [main] INFO  tests.SauceDemoTest - Executing @BeforeMethod: Logging in with standard user
2026-09-11 12:44:13 [main] INFO  utils.LoggedElement - Typing text into field: [Username Input]
2026-09-11 12:44:13 [main] INFO  utils.LoggedElement - Typing text into field: [Password Input]
2026-09-11 12:44:13 [main] INFO  utils.LoggedElement - Clicking on element: [Login Button]
2026-09-11 12:44:13 [main] INFO  tests.SauceDemoTest - Starting testFullPurchase execution
2026-09-11 12:44:13 [main] INFO  utils.LoggedElement - Clicking on element: [Sauce Labs Backpack 'Add to Cart' Button]
2026-09-11 12:44:14 [main] INFO  tests.SauceDemoTest - Executing @BeforeMethod: Logging in with standard user
2026-09-11 12:44:14 [main] INFO  utils.LoggedElement - Typing text into field: [Username Input]
2026-09-11 12:44:14 [main] INFO  utils.LoggedElement - Typing text into field: [Password Input]
2026-09-11 12:44:14 [main] INFO  utils.LoggedElement - Clicking on element: [Login Button]
2026-09-11 12:44:14 [main] INFO  tests.SauceDemoTest - Starting testLogin execution
2026-09-11 12:44:14 [main] INFO  tests.SauceDemoTest - URL assertion passed: Inventory page loaded correctly
2026-09-11 12:46:26 [main] INFO  tests.SauceDemoTest - Executing @BeforeMethod: Logging in with standard user
2026-09-11 12:46:26 [main] INFO  utils.LoggedElement - Typing text into field: [Username Input]
2026-09-11 12:46:26 [main] INFO  utils.LoggedElement - Typing text into field: [Password Input]
2026-09-11 12:46:26 [main] INFO  utils.LoggedElement - Clicking on element: [Login Button]
2026-09-11 12:46:26 [main] INFO  tests.SauceDemoTest - Starting testAddToCart execution
2026-09-11 12:46:26 [main] INFO  utils.LoggedElement - Clicking on element: [Sauce Labs Backpack 'Add to Cart' Button]
2026-09-11 12:46:26 [main] INFO  utils.LoggedElement - Got text '1' from element: [Cart Badge]
2026-09-11 12:46:26 [main] INFO  tests.SauceDemoTest - Cart badge count verified: 1 item added
2026-09-11 12:46:26 [main] INFO  utils.LoggedElement - Clicking on element: [Cart Button]
2026-09-11 12:46:26 [main] INFO  tests.SauceDemoTest - Navigated to Cart page successfully
2026-09-11 12:46:26 [main] INFO  utils.LoggedElement - Got text 'Sauce Labs Backpack' from element: [Cart Item]
2026-09-11 12:46:26 [main] INFO  tests.SauceDemoTest - Verified item in cart: 'Sauce Labs Backpack'
2026-09-11 12:46:27 [main] INFO  tests.SauceDemoTest - Executing @BeforeMethod: Logging in with standard user
2026-09-11 12:46:27 [main] INFO  utils.LoggedElement - Typing text into field: [Username Input]
2026-09-11 12:46:27 [main] INFO  utils.LoggedElement - Typing text into field: [Password Input]
2026-09-11 12:46:27 [main] INFO  utils.LoggedElement - Clicking on element: [Login Button]
2026-09-11 12:46:27 [main] INFO  tests.SauceDemoTest - Starting testFailedScenarioForScreenshot execution (intended to fail)
2026-09-11 12:46:27 [main] INFO  utils.LoggedElement - Got text 'Products' from element: [Inventory Page Title]
2026-09-11 12:46:27 [main] INFO  tests.SauceDemoTest - Current title is: 'Products', expecting wrong title for screenshot test
2026-09-11 12:46:29 [main] INFO  tests.SauceDemoTest - Executing @BeforeMethod: Logging in with standard user
2026-09-11 12:46:29 [main] INFO  utils.LoggedElement - Typing text into field: [Username Input]
2026-09-11 12:46:29 [main] INFO  utils.LoggedElement - Typing text into field: [Password Input]
2026-09-11 12:46:29 [main] INFO  utils.LoggedElement - Clicking on element: [Login Button]
2026-09-11 12:46:29 [main] INFO  tests.SauceDemoTest - Starting testFullPurchase execution
2026-09-11 12:46:29 [main] INFO  utils.LoggedElement - Clicking on element: [Sauce Labs Backpack 'Add to Cart' Button]
2026-09-11 12:46:29 [main] INFO  utils.LoggedElement - Clicking on element: [Cart Button]
2026-09-11 12:46:29 [main] INFO  utils.LoggedElement - Element [Checkout Button] enabled status: true
2026-09-11 12:46:29 [main] INFO  tests.SauceDemoTest - Assertion passed: Checkout button is enabled
2026-09-11 12:46:29 [main] INFO  utils.LoggedElement - Clicking on element: [Checkout Button]
2026-09-11 12:46:29 [main] INFO  utils.LoggedElement - Typing text into field: [First Name Input]
2026-09-11 12:46:29 [main] INFO  utils.LoggedElement - Typing text into field: [Last Name Input]
2026-09-11 12:46:29 [main] INFO  utils.LoggedElement - Typing text into field: [Postal Code Input]
2026-09-11 12:46:29 [main] INFO  utils.LoggedElement - Clicking on element: [Continue Button]
2026-09-11 12:46:29 [main] INFO  utils.LoggedElement - Clicking on element: [Finish Button]
2026-09-11 12:46:29 [main] INFO  tests.SauceDemoTest - URL assertion passed: Checkout complete page loaded
2026-09-11 12:46:29 [main] INFO  utils.LoggedElement - Got text 'Thank you for your order!' from element: [Checkout Complete Header]
2026-09-11 12:46:29 [main] INFO  tests.SauceDemoTest - Header assertion passed: 'Thank you for your order!' verified
2026-09-11 12:46:29 [main] INFO  utils.LoggedElement - Element [Back Home Button] displayed status: true
2026-09-11 12:46:29 [main] INFO  tests.SauceDemoTest - Assertion passed: Back Home button is visible
2026-09-11 12:46:30 [main] INFO  tests.SauceDemoTest - Executing @BeforeMethod: Logging in with standard user
2026-09-11 12:46:30 [main] INFO  utils.LoggedElement - Typing text into field: [Username Input]
2026-09-11 12:46:30 [main] INFO  utils.LoggedElement - Typing text into field: [Password Input]
2026-09-11 12:46:30 [main] INFO  utils.LoggedElement - Clicking on element: [Login Button]
2026-09-11 12:46:31 [main] INFO  tests.SauceDemoTest - Starting testLogin execution
2026-09-11 12:46:31 [main] INFO  tests.SauceDemoTest - URL assertion passed: Inventory page loaded correctly
2026-09-11 12:46:31 [main] INFO  utils.LoggedElement - Got text 'Products' from element: [Inventory Page Title]
2026-09-11 12:46:31 [main] INFO  tests.SauceDemoTest - Title assertion passed: Page title is 'Products'
2026-09-11 12:46:31 [main] DEBUG pages.InventoryPage - Counting product items on page
2026-09-11 12:46:31 [main] INFO  pages.InventoryPage - Found 6 products on the page
2026-09-11 12:46:31 [main] INFO  tests.SauceDemoTest - Products count assertion passed: Product list is not empty
2026-09-11 12:46:56 [main] INFO  tests.SauceDemoTest - Executing @BeforeMethod: Logging in with standard user
2026-09-11 12:46:56 [main] INFO  utils.LoggedElement - Typing text into field: [Username Input]
2026-09-11 12:46:56 [main] INFO  utils.LoggedElement - Typing text into field: [Password Input]
2026-09-11 12:46:56 [main] INFO  utils.LoggedElement - Clicking on element: [Login Button]
2026-09-11 12:46:56 [main] INFO  tests.SauceDemoTest - Starting testAddToCart execution
2026-09-11 12:46:56 [main] INFO  utils.LoggedElement - Clicking on element: [Sauce Labs Backpack 'Add to Cart' Button]
2026-09-11 12:46:56 [main] INFO  utils.LoggedElement - Got text '1' from element: [Cart Badge]
2026-09-11 12:46:56 [main] INFO  tests.SauceDemoTest - Cart badge count verified: 1 item added
2026-09-11 12:46:56 [main] INFO  utils.LoggedElement - Clicking on element: [Cart Button]
2026-09-11 12:46:56 [main] INFO  tests.SauceDemoTest - Navigated to Cart page successfully
2026-09-11 12:46:56 [main] INFO  utils.LoggedElement - Got text 'Sauce Labs Backpack' from element: [Cart Item]
2026-09-11 12:46:56 [main] INFO  tests.SauceDemoTest - Verified item in cart: 'Sauce Labs Backpack'
2026-09-11 12:46:58 [main] INFO  tests.SauceDemoTest - Executing @BeforeMethod: Logging in with standard user
2026-09-11 12:46:58 [main] INFO  utils.LoggedElement - Typing text into field: [Username Input]
2026-09-11 12:46:58 [main] INFO  utils.LoggedElement - Typing text into field: [Password Input]
2026-09-11 12:46:58 [main] INFO  utils.LoggedElement - Clicking on element: [Login Button]
2026-09-11 12:46:58 [main] INFO  tests.SauceDemoTest - Starting testFailedScenarioForScreenshot execution (intended to fail)
2026-09-11 12:46:58 [main] INFO  utils.LoggedElement - Got text 'Products' from element: [Inventory Page Title]
2026-09-11 12:46:58 [main] INFO  tests.SauceDemoTest - Current title is: 'Products', expecting wrong title for screenshot test
2026-09-11 12:46:58 [main] ERROR utils.TestListener - Test failed: testFailedScenarioForScreenshot
2026-09-11 12:46:58 [main] ERROR utils.TestListener - Screenshot saved at: C:\Users\ibrae\Desktop\Epam\SauseDemoTests1\target\screenshots\testFailedScenarioForScreenshot_20260911_124658.png
2026-09-11 12:46:59 [main] INFO  tests.SauceDemoTest - Executing @BeforeMethod: Logging in with standard user
2026-09-11 12:46:59 [main] INFO  utils.LoggedElement - Typing text into field: [Username Input]
2026-09-11 12:46:59 [main] INFO  utils.LoggedElement - Typing text into field: [Password Input]
2026-09-11 12:46:59 [main] INFO  utils.LoggedElement - Clicking on element: [Login Button]
2026-09-11 12:47:00 [main] INFO  tests.SauceDemoTest - Starting testFullPurchase execution
2026-09-11 12:47:00 [main] INFO  utils.LoggedElement - Clicking on element: [Sauce Labs Backpack 'Add to Cart' Button]
2026-09-11 12:47:00 [main] INFO  utils.LoggedElement - Clicking on element: [Cart Button]
2026-09-11 12:47:00 [main] INFO  utils.LoggedElement - Element [Checkout Button] enabled status: true
2026-09-11 12:47:00 [main] INFO  tests.SauceDemoTest - Assertion passed: Checkout button is enabled
2026-09-11 12:47:00 [main] INFO  utils.LoggedElement - Clicking on element: [Checkout Button]
2026-09-11 12:47:00 [main] INFO  utils.LoggedElement - Typing text into field: [First Name Input]
2026-09-11 12:47:00 [main] INFO  utils.LoggedElement - Typing text into field: [Last Name Input]
2026-09-11 12:47:00 [main] INFO  utils.LoggedElement - Typing text into field: [Postal Code Input]
2026-09-11 12:47:00 [main] INFO  utils.LoggedElement - Clicking on element: [Continue Button]
2026-09-11 12:47:00 [main] INFO  utils.LoggedElement - Clicking on element: [Finish Button]
2026-09-11 12:47:00 [main] INFO  tests.SauceDemoTest - URL assertion passed: Checkout complete page loaded
2026-09-11 12:47:00 [main] INFO  utils.LoggedElement - Got text 'Thank you for your order!' from element: [Checkout Complete Header]
2026-09-11 12:47:00 [main] INFO  tests.SauceDemoTest - Header assertion passed: 'Thank you for your order!' verified
2026-09-11 12:47:00 [main] INFO  utils.LoggedElement - Element [Back Home Button] displayed status: true
2026-09-11 12:47:00 [main] INFO  tests.SauceDemoTest - Assertion passed: Back Home button is visible
2026-09-11 12:47:01 [main] INFO  tests.SauceDemoTest - Executing @BeforeMethod: Logging in with standard user
2026-09-11 12:47:01 [main] INFO  utils.LoggedElement - Typing text into field: [Username Input]
2026-09-11 12:47:01 [main] INFO  utils.LoggedElement - Typing text into field: [Password Input]
2026-09-11 12:47:01 [main] INFO  utils.LoggedElement - Clicking on element: [Login Button]
2026-09-11 12:47:01 [main] INFO  tests.SauceDemoTest - Starting testLogin execution
2026-09-11 12:47:01 [main] INFO  tests.SauceDemoTest - URL assertion passed: Inventory page loaded correctly
2026-09-11 12:47:01 [main] INFO  utils.LoggedElement - Got text 'Products' from element: [Inventory Page Title]
2026-09-11 12:47:01 [main] INFO  tests.SauceDemoTest - Title assertion passed: Page title is 'Products'
2026-09-11 12:47:01 [main] DEBUG pages.InventoryPage - Counting product items on page
2026-09-11 12:47:01 [main] INFO  pages.InventoryPage - Found 6 products on the page
2026-09-11 12:47:01 [main] INFO  tests.SauceDemoTest - Products count assertion passed: Product list is not empty
2026-09-11 12:52:02 [main] INFO  tests.SauceDemoTest - Executing @BeforeMethod: Logging in with standard user
2026-09-11 12:52:02 [main] INFO  utils.LoggedElement - Typing text into field: [Username Input]
2026-09-11 12:52:02 [main] INFO  utils.LoggedElement - Typing text into field: [Password Input]
2026-09-11 12:52:02 [main] INFO  utils.LoggedElement - Clicking on element: [Login Button]
2026-09-11 12:52:02 [main] INFO  tests.SauceDemoTest - Starting testAddToCart execution
2026-09-11 12:52:02 [main] INFO  utils.LoggedElement - Clicking on element: [Sauce Labs Backpack 'Add to Cart' Button]
2026-09-11 12:52:02 [main] INFO  utils.LoggedElement - Got text '1' from element: [Cart Badge]
2026-09-11 12:52:02 [main] INFO  tests.SauceDemoTest - Cart badge count verified: 1 item added
2026-09-11 12:52:02 [main] INFO  utils.LoggedElement - Clicking on element: [Cart Button]
2026-09-11 12:52:02 [main] INFO  tests.SauceDemoTest - Navigated to Cart page successfully
2026-09-11 12:52:02 [main] INFO  utils.LoggedElement - Got text 'Sauce Labs Backpack' from element: [Cart Item]
2026-09-11 12:52:02 [main] INFO  tests.SauceDemoTest - Verified item in cart: 'Sauce Labs Backpack'
2026-09-11 12:52:03 [main] INFO  tests.SauceDemoTest - Executing @BeforeMethod: Logging in with standard user
2026-09-11 12:52:03 [main] INFO  utils.LoggedElement - Typing text into field: [Username Input]
2026-09-11 12:52:03 [main] INFO  utils.LoggedElement - Typing text into field: [Password Input]
2026-09-11 12:52:03 [main] INFO  utils.LoggedElement - Clicking on element: [Login Button]
2026-09-11 12:52:04 [main] INFO  tests.SauceDemoTest - Starting testFailedScenarioForScreenshot execution (intended to fail)
2026-09-11 12:52:04 [main] INFO  utils.LoggedElement - Got text 'Products' from element: [Inventory Page Title]
2026-09-11 12:52:04 [main] INFO  tests.SauceDemoTest - Current title is: 'Products', expecting wrong title for screenshot test
2026-09-11 12:52:04 [main] ERROR utils.TestListener - Test failed: testFailedScenarioForScreenshot
2026-09-11 12:52:04 [main] ERROR utils.TestListener - Screenshot saved at: C:\Users\ibrae\Desktop\Epam\SauseDemoTests1\target\screenshots\testFailedScenarioForScreenshot_20260911_125204.png
2026-09-11 12:52:05 [main] INFO  tests.SauceDemoTest - Executing @BeforeMethod: Logging in with standard user
2026-09-11 12:52:05 [main] INFO  utils.LoggedElement - Typing text into field: [Username Input]
2026-09-11 12:52:05 [main] INFO  utils.LoggedElement - Typing text into field: [Password Input]
2026-09-11 12:52:05 [main] INFO  utils.LoggedElement - Clicking on element: [Login Button]
2026-09-11 12:52:05 [main] INFO  tests.SauceDemoTest - Starting testFullPurchase execution
2026-09-11 12:52:05 [main] INFO  utils.LoggedElement - Clicking on element: [Sauce Labs Backpack 'Add to Cart' Button]
2026-09-11 12:52:05 [main] INFO  utils.LoggedElement - Clicking on element: [Cart Button]
2026-09-11 12:52:05 [main] INFO  utils.LoggedElement - Element [Checkout Button] enabled status: true
2026-09-11 12:52:05 [main] INFO  tests.SauceDemoTest - Assertion passed: Checkout button is enabled
2026-09-11 12:52:05 [main] INFO  utils.LoggedElement - Clicking on element: [Checkout Button]
2026-09-11 12:52:05 [main] INFO  utils.LoggedElement - Typing text into field: [First Name Input]
2026-09-11 12:52:05 [main] INFO  utils.LoggedElement - Typing text into field: [Last Name Input]
2026-09-11 12:52:05 [main] INFO  utils.LoggedElement - Typing text into field: [Postal Code Input]
2026-09-11 12:52:05 [main] INFO  utils.LoggedElement - Clicking on element: [Continue Button]
2026-09-11 12:52:06 [main] INFO  utils.LoggedElement - Clicking on element: [Finish Button]
2026-09-11 12:52:06 [main] INFO  tests.SauceDemoTest - URL assertion passed: Checkout complete page loaded
2026-09-11 12:52:06 [main] INFO  utils.LoggedElement - Got text 'Thank you for your order!' from element: [Checkout Complete Header]
2026-09-11 12:52:06 [main] INFO  tests.SauceDemoTest - Header assertion passed: 'Thank you for your order!' verified
2026-09-11 12:52:06 [main] INFO  utils.LoggedElement - Element [Back Home Button] displayed status: true
2026-09-11 12:52:06 [main] INFO  tests.SauceDemoTest - Assertion passed: Back Home button is visible
2026-09-11 12:52:07 [main] INFO  tests.SauceDemoTest - Executing @BeforeMethod: Logging in with standard user
2026-09-11 12:52:07 [main] INFO  utils.LoggedElement - Typing text into field: [Username Input]
2026-09-11 12:52:07 [main] INFO  utils.LoggedElement - Typing text into field: [Password Input]
2026-09-11 12:52:07 [main] INFO  utils.LoggedElement - Clicking on element: [Login Button]
2026-09-11 12:52:07 [main] INFO  tests.SauceDemoTest - Starting testLogin execution
2026-09-11 12:52:07 [main] INFO  tests.SauceDemoTest - URL assertion passed: Inventory page loaded correctly
2026-09-11 12:52:08 [main] INFO  utils.LoggedElement - Got text 'Products' from element: [Inventory Page Title]
2026-09-11 12:52:08 [main] INFO  tests.SauceDemoTest - Title assertion passed: Page title is 'Products'
2026-09-11 12:52:08 [main] DEBUG pages.InventoryPage - Counting product items on page
2026-09-11 12:52:08 [main] INFO  pages.InventoryPage - Found 6 products on the page
2026-09-11 12:52:08 [main] INFO  tests.SauceDemoTest - Products count assertion passed: Product list is not empty
